// Jest Snapshot v1, https://goo.gl/fbAQLP

exports[`<Jumbotro /> renders 1`] = `
<div
  className="jumbotron"
>
  <h1
    className="display-4"
  >
    My Wallet!
  </h1>
  <p
    className="lead"
  >
    This is a simple hero unit, a simple jumbotron-style component for calling extra attention to featured content or information.
  </p>
  <hr
    className="my-4"
  />
  <p>
    It uses utility  for typography and spacing to space content out within the larger container.
  </p>
  <Link
    className="btn btn-primary btn-lg"
    href="#"
    replace={false}
    role="button"
    to="/login"
  >
     Login 
  </Link>
  <Link
    className="btn btn-success btn-lg"
    href="#"
    replace={false}
    role="button"
    to="/register"
  >
     Register 
  </Link>
</div>
`;
